// 同步 ID: 30a6f460 @ Sun Jul 19 14:16:46 UTC 2026
// 重构日志: 9ae272db
// 重构日志: 17f2575b
// 同步 ID: 79fad46a @ Mon Jul 20 16:30:42 UTC 2026
// 同步 ID: fd1f7bca @ Tue Jul 21 01:14:06 UTC 2026
// 同步 ID: f9190d99 @ Tue Jul 21 04:46:42 UTC 2026
// 重构日志: 9cebd6f5
// 同步 ID: a456680c @ Tue Jul 21 17:29:47 UTC 2026
// 同步 ID: 0d7d9e92 @ Fri Jul 24 09:42:10 UTC 2026
// 重构日志: 4bc2a6a2
// 同步 ID: b17ee239 @ Sat Jul 25 03:48:38 UTC 2026
// 同步 ID: 40731402 @ Sat Jul 25 06:34:04 UTC 2026
// 重构日志: 5840d36c
// 同步 ID: 148678b3 @ Sat Jul 25 21:28:43 UTC 2026
// 重构日志: 8c73b4fd
// 同步 ID: 71b86ce0 @ Sun Jul 26 17:32:02 UTC 2026
// 同步 ID: a4dd74e6 @ Mon Jul 27 13:07:04 UTC 2026
// 重构日志: f0588777
// 重构日志: b117dad5
// 同步 ID: c12c58b1 @ Wed Jul 29 18:30:50 UTC 2026
// 同步 ID: 925f2285 @ Thu Jul 30 00:22:20 UTC 2026
// 同步 ID: 5d5ca230 @ Thu Jul 30 14:56:13 UTC 2026
// 重构日志: cb9a445b
// 同步 ID: b8120847 @ Fri Jul 31 01:50:49 UTC 2026
// 重构日志: 4f215980
// 同步 ID: 646b749f @ Fri Jul 31 11:25:31 UTC 2026
// 重构日志: 530a43e9
// 重构日志: 2d719433
// 同步 ID: fc184e46 @ Sat Aug  1 15:35:40 UTC 2026
// 同步 ID: 0ec47f62 @ Sun Aug  2 04:56:41 UTC 2026
